
> tasks@0.1.0 test
> react-scripts test --coverage

Browserslist: caniuse-lite is outdated. Please run:
  npx browserslist@latest --update-db
  Why you should do it regularly: https://github.com/browserslist/browserslist#browsers-data-updating
PASS src/quizzer/Quizzer.test.tsx
  ● Console

    console.error
      Warning: Encountered two children with the same key, `5`. Keys should be unique so that components maintain their identity across updates. Non-unique keys may cause children to be duplicated and/or omitted — the behavior is unsupported and could change in a future version.
          at div
          at QuizList (/home/runner/work/quiz-application/quiz-application/src/quizzer/QuizList.tsx:16:5)
          at div
          at Quizzer (/home/runner/work/quiz-application/quiz-application/src/quizzer/Quizzer.tsx:24:35)

      at printWarning (node_modules/react-dom/cjs/react-dom.development.js:67:30)
      at error (node_modules/react-dom/cjs/react-dom.development.js:43:5)
      at warnOnInvalidKey (node_modules/react-dom/cjs/react-dom.development.js:13620:11)
      at reconcileChildrenArray (node_modules/react-dom/cjs/react-dom.development.js:13651:21)
      at reconcileChildFibers (node_modules/react-dom/cjs/react-dom.development.js:14125:14)
      at reconcileChildren (node_modules/react-dom/cjs/react-dom.development.js:16997:28)
      at updateFragment (node_modules/react-dom/cjs/react-dom.development.js:17294:3)
      at beginWork (node_modules/react-dom/cjs/react-dom.development.js:19102:14)

FAIL src/App.test.tsx
  ● renders the course name somewhere

    TestingLibraryElementError: Unable to find an element with the text: /CISC275/i. This could be because the text is broken up by multiple elements. In this case, you can provide a function for your text matcher to make your matcher more flexible.

    Ignored nodes: comments, <script />, <style />
    [36m<body>[39m
      [36m<div>[39m
        [36m<div[39m
          [33mclass[39m=[32m"App"[39m
        [36m>[39m
          [36m<header[39m
            [33mclass[39m=[32m"App-header"[39m
          [36m>[39m
            [0mCISC 275 Quizzer Application[0m
            [36m<button[39m
              [33mclass[39m=[32m"btn btn-primary"[39m
              [33mtype[39m=[32m"button"[39m
            [36m>[39m
              [0mQuizzer[0m
            [36m</button>[39m
          [36m</header>[39m
          [36m<div[39m
            [33mstyle[39m=[32m"display: block;"[39m
          [36m>[39m
            [36m<div[39m
              [33mclass[39m=[32m"quizzer"[39m
            [36m>[39m
              [36m<div[39m
                [33mclass[39m=[32m"quiz_list"[39m
              [36m>[39m
                [36m<div[39m
                  [33mclass[39m=[32m"quiz_view_card"[39m
                [36m>[39m
                  [36m<div[39m
                    [33mclass[39m=[32m"d-flex align-items-baseline"[39m
                  [36m>[39m
                    [36m<h3[39m
                      [33mclass[39m=[32m"title"[39m
                    [36m>[39m
                      [0mBlank_Questions[0m
                    [36m</h3>[39m
                    [36m<p>[39m
                      [0m3[0m
                      [0m question[0m
                      [0ms[0m
                    [36m</p>[39m
                  [36m</div>[39m
                  [36m<p>[39m
                    [0mThis quiz is full of blank questions and is not published[0m
                  [36m</p>[39m
                [36m</div>[39m
                [36m<div[39m
                  [33mclass[39m=[32m"quiz_view_card"[39m
                [36m>[39m
                  [36m<div[39m
                    [33mclass[39m=[32m"d-flex align-items-baseline"[39m
                  [36m>[39m
                    [36m<h3[39m
                      [33mclass[39m=[32m"title"[39m
                    [36m>[39m
                      [0mSimple_Questions[0m
                    [36m</h3>[39m
                    [36m<p>[39m
                      [0m2[0m
                      [0m question[0m
                      [0ms[0m
                    [36m</p>[39m
                  [36m</div>[39m
                  [36m<p>[39m
                    [0mThis quiz is full of simple questions and is published[0m
                  [36m</p>[39m
                [36m</div>[39m
                [36m<div[39m
                  [33mclass[39m=[32m"quiz_view_card"[39m
                [36m>[39m
                  [36m<div[39m
                    [33mclass[39m=[32m"d-flex align-items-baseline"[39m
                  [36m>[39m
                    [36m<h3[39m
                      [33mclass[39m=[32m"title"[39m
                    [36m>[39m
                      [0mTrivia_Questions[0m
                    [36m</h3>[39m
                    [36m<p>[39m
                      [0m0[0m
                      [0m question[0m
                      [0ms[0m
                    [36m</p>[39m
                  [36m</div>[39m
                  [36m<p>[39m
                    [0mThis quiz is full of trivia questions and is published[0m
                  [36m</p>[39m
                [36m</div>[39m
                [36m<div[39m
                  [33mclass[39m=[32m"quiz_view_card"[39m
                [36m>[39m
                  [36m<div[39m
                    [33mclass[39m=[32m"d-flex align-items-baseline"[39m
                  [36m>[39m
                    [36m<h3[39m
                      [33mclass[39m=[32m"title"[39m
                    [36m>[39m
                      [0mEmpty_Questions[0m
                    [36m</h3>[39m
                    [36m<p>[39m
                      [0m4[0m
                      [0m question[0m
                      [0ms[0m
                    [36m</p>[39m
                  [36m</div>[39m
                  [36m<p>[39m
                    [0mThis quiz is full of empty questions and is published[0m
                  [36m</p>[39m
                [36m</div>[39m
                [36m<div[39m
                  [33mclass[39m=[32m"quiz_view_card"[39m
                [36m>[39m
                  [36m<div[39m
                    [33mclass[39m=[32m"d-flex align-items-baseline"[39m
                  [36m>[39m
                    [36m<h3[39m
                      [33mclass[39m=[32m"title"[39m
                    [36m>[39m
                      [0mSimple_Questions2[0m
                    [36m</h3>[39m
                    [36m<p>[39m
                      [0m5[0m
                      [0m question[0m
                      [0ms[0m
                    [36m</p>[39m
                  [36m</div>[39m
                  [36m<p>[39m
                    [0mThis quiz is the second full of simple questions and is published[0m
                  [36m</p>[39m
                [36m</div>[39m
                [36m<button[39m
                  [33mclass[39m=[32m"add_btn btn btn-primary"[39m
                  [33mtype[39m=[32m"button"[39m
                [36m>[39m
                  [0mAdd New Quiz[0m
                [36m</button>[39m
              [36m</div>[39m
              [36m<div />[39m
              [36m<hr />[39m
              [36m<h2[39m
                [33mstyle[39m=[32m"color: white;"[39m
              [36m>[39m
                [0mApplication Sketch[0m
              [36m</h2>[39m
              [36m<hr />[39m
              [36m<div[39m
                [33mstyle[39m=[32m"color: white;"[39m
              [36m>[39m
                [36m<h2>[39m
                  [0mCompleted Features[0m
                [36m</h2>[39m
                [36m<ul[39m
                  [33mclass[39m=[32m"completedList"[39m
                [36m>[39m
                  [36m<li>[39m
                    [0m [0m
                    [0mUsers can see a list of quizzes, including the quizzes title, description, and how many questions it has (TESTED)[0m
                  [36m</li>[39m
                  [36m<li>[39m
                    [0mUsers can select a specific quiz to see the questions, including the questions name, body, and points (TESTED)[0m
                  [36m</li>[39m
                  [36m<li>[39m
                    [0mQuiz questions can be of AT LEAST two types: a short answer question or multiple choice question (TESTED)[0m
                  [36m</li>[39m
                  [36m<li>[39m
                    [0mUsers can enter or choose an answer for a quiz question, and be told if they are correct (TESTED)[0m
                  [36m</li>[39m
                  [36m<li>[39m
                    [0mUsers can see how many total points they have earned (TESTED)[0m
                  [36m</li>[39m
                  [36m<li>[39m
                    [0mUsers can clear out their existing answers for a quiz (TESTED)[0m
                  [36m</li>[39m
                  [36m<li>[39m
                    [0mUsers can publish or unpublish a question (TESTED)[0m
                  [36m</li>[39m
                  [36m<li>[39m
                    [0mUsers can filter the questions in a list so that only published questions are shown (TESTED)[0m
                  [36m</li>[39m
                  [36m<li>[39m
                    [0mUsers can edit the questions and fields of a quiz (TESTED)[0m
                  [36m</li>[39m
                  [36m<li>[39m
                    [0mUsers can add a new quiz question (TESTED)[0m
                  [36m</li>[39m
                  [36m<li>[39m
                    [0mUsers can delete an existing quiz question (TESTED)[0m
                  [36m</li>[39m
                  [36m<li>[39m
                    [0mUsers can reorder quiz questions (TESTED)[0m
                  [36m</li>[39m
                  [36m<li>[39m
                    [0mUsers can add a new quiz (TESTED)[0m
                  [36m</li>[39m
                  [36m<li>[39m
                    [0mUsers can delete an existing quiz (TESTED)[0m
                  [36m</li>[39m
                [36m</ul>[39m
              [36m</div>[39m
            [36m</div>[39m
          [36m</div>[39m
        [36m</div>[39m
      [36m</div>[39m
    [36m</body>[39m

       5 | test("renders the course name somewhere", () => {
       6 |     render(<App />);
    >  7 |     const linkElement = screen.getByText(/CISC275/i);
         |                                ^
       8 |     expect(linkElement).toBeInTheDocument();
       9 | });
      10 |

      at Object.getElementError (node_modules/@testing-library/dom/dist/config.js:38:19)
      at node_modules/@testing-library/dom/dist/query-helpers.js:90:38
      at node_modules/@testing-library/dom/dist/query-helpers.js:62:17
      at getByText (node_modules/@testing-library/dom/dist/query-helpers.js:111:19)
      at Object.<anonymous> (src/App.test.tsx:7:32)
      at TestScheduler.scheduleTests (node_modules/@jest/core/build/TestScheduler.js:333:13)
      at runJest (node_modules/@jest/core/build/runJest.js:404:19)
      at _run10000 (node_modules/@jest/core/build/cli/index.js:320:7)
      at runCLI (node_modules/@jest/core/build/cli/index.js:173:3)

-------------------|---------|----------|---------|---------|--------------------------------------------
File               | % Stmts | % Branch | % Funcs | % Lines | Uncovered Line #s                          
-------------------|---------|----------|---------|---------|--------------------------------------------
All files          |   82.78 |    82.75 |   76.71 |   82.06 |                                            
 src               |   66.66 |       50 |      50 |   66.66 |                                            
  App.tsx          |   66.66 |       50 |      50 |   66.66 | 16                                         
 src/interfaces    |       0 |        0 |       0 |       0 |                                            
  question.ts      |       0 |        0 |       0 |       0 |                                            
  quiz.ts          |       0 |        0 |       0 |       0 |                                            
 src/quizzer       |    83.1 |    85.18 |   77.46 |   82.39 |                                            
  AddQuizModal.tsx |   64.28 |      100 |      40 |   64.28 | 38-56                                      
  QuestionEdit.tsx |   46.66 |    66.66 |      40 |   46.66 | 30-33,52-53,60-62,70-72,97-170,204,231,256 
  QuizCard.tsx     |     100 |       80 |     100 |     100 | 34                                         
  QuizEdit.tsx     |   86.66 |      100 |   73.33 |   85.71 | 35-38,74,104                               
  QuizExpanded.tsx |     100 |    85.71 |     100 |     100 | 76                                         
  QuizList.tsx     |     100 |      100 |     100 |     100 |                                            
  QuizQuestion.tsx |     100 |    85.71 |     100 |     100 | 26-33                                      
  QuizView.tsx     |     100 |      100 |     100 |     100 |                                            
  Quizzer.tsx      |     100 |      100 |     100 |     100 |                                            
-------------------|---------|----------|---------|---------|--------------------------------------------
Test Suites: 1 failed, 1 passed, 2 total
Tests:       1 failed, 14 passed, 15 total
Snapshots:   0 total
Time:        4.828 s
Ran all test suites.
